(node:65981) [MODULE_TYPELESS_PACKAGE_JSON] Warning: Module type of file:///workspace/yurikaonline/src/js/core/ClassTutorial.js is not specified and it doesn't parse as CommonJS.
Reparsing as ES module because module syntax was detected. This incurs a performance overhead.
To eliminate this warning, add "type": "module" to /workspace/yurikaonline/package.json.
(Use `node --trace-warnings ...` to show where the warning was created)
✔ witch: correct tap/hold guidance and all basic skill UI targets, immutable Mage source (5.017984ms)
✔ warrior: correct tap/hold guidance and all basic skill UI targets, immutable Mage source (5.227099ms)
✔ archer: correct tap/hold guidance and all basic skill UI targets, immutable Mage source (0.857711ms)
✔ Mage tutorial and unrelated tutorials remain unchanged (0.265039ms)
(node:65982) [MODULE_TYPELESS_PACKAGE_JSON] Warning: Module type of file:///workspace/yurikaonline/src/js/combat/ClassCombatController.js is not specified and it doesn't parse as CommonJS.
Reparsing as ES module because module syntax was detected. This incurs a performance overhead.
To eliminate this warning, add "type": "module" to /workspace/yurikaonline/package.json.
(Use `node --trace-warnings ...` to show where the warning was created)
✔ rain descends and lands at each of five actual damage deadlines, without damage before impact (3.764607ms)
✔ warrior level 1 expanded circle/rectangle contact, facing and recovery floor (0.875127ms)
✔ warrior level 4 expanded circle/rectangle contact, facing and recovery floor (0.249176ms)
✔ warrior level 8 expanded circle/rectangle contact, facing and recovery floor (0.234673ms)
✔ blood pact feedback uses only clamped actual HP gain and none for full health or rejected hits (0.323948ms)
✔ rejected warrior inputs have no aim or new body motion; insufficient rage has a reason (0.718491ms)
✔ warrior automatic release follows a moving enemy; manual drag direction stays unchanged (0.406772ms)
(node:65983) [MODULE_TYPELESS_PACKAGE_JSON] Warning: Module type of file:///workspace/yurikaonline/src/js/combat/ClassCombatController.js is not specified and it doesn't parse as CommonJS.
Reparsing as ES module because module syntax was detected. This incurs a performance overhead.
To eliminate this warning, add "type": "module" to /workspace/yurikaonline/package.json.
(Use `node --trace-warnings ...` to show where the warning was created)
✔ Lv.1: physical ranged impact preserves 200% growth and 50% actual return heal (8.206534ms)
✔ Lv.2: physical ranged impact preserves 200% growth and 50% actual return heal (0.773104ms)
✔ Lv.3: physical ranged impact preserves 200% growth and 50% actual return heal (0.878502ms)
✔ Lv.4: physical ranged impact preserves 200% growth and 50% actual return heal (2.411721ms)
✔ Lv.5: physical ranged impact preserves 200% growth and 50% actual return heal (2.209306ms)
✔ Lv.6: physical ranged impact preserves 200% growth and 50% actual return heal (2.136005ms)
✔ Lv.7: physical ranged impact preserves 200% growth and 50% actual return heal (1.179696ms)
✔ Lv.8: physical ranged impact preserves 200% growth and 50% actual return heal (0.414624ms)
✔ moving target homes, splash occurs at contact not caster, and no duplicate resolution (0.963089ms)
✔ target death, out-of-range escape, no target, wall and lifetime cause no remote/global damage or healing (5.143934ms)
✔ splash does not cross a wall or affect a target outside 560px (1.287648ms)
✔ return carries actual loss, clamps owner healing, passes excess to ally and leaves attack readiness independent (1.032765ms)
✔ rejected hit never creates healing return; disposal clears in-flight and delayed work (3.810477ms)
✔ rapid taps retain .20s floor; aimed orb retains 210 speed, three ticks and non-homing path (3.464616ms)
ℹ tests 25
ℹ suites 0
ℹ pass 25
ℹ fail 0
ℹ cancelled 0
ℹ skipped 0
ℹ todo 0
ℹ duration_ms 188.31888
