TAP version 13
# (node:19984) [MODULE_TYPELESS_PACKAGE_JSON] Warning: Module type of file:///C:/dev/yurika_online/src/js/core/input/KeyboardHandler.js is not specified and it doesn't parse as CommonJS.
# Reparsing as ES module because module syntax was detected. This incurs a performance overhead.
# To eliminate this warning, add "type": "module" to C:\\dev\\yurika_online\\package.json.
# (Use `node --trace-warnings ...` to show where the warning was created)
# Subtest: UI-02 slider previews once per frame and persists only final value
ok 1 - UI-02 slider previews once per frame and persists only final value
  ---
  duration_ms: 0.9377
  type: 'test'
  ...
# Subtest: SEC-02 local developer flag never grants authority without a server
ok 2 - SEC-02 local developer flag never grants authority without a server
  ---
  duration_ms: 0.1218
  type: 'test'
  ...
# Subtest: SEC-02 direct administrative database reset fails closed
ok 3 - SEC-02 direct administrative database reset fails closed
  ---
  duration_ms: 0.3833
  type: 'test'
  ...
# Subtest: UI-03 normalized layout uses game container and its offset
ok 4 - UI-03 normalized layout uses game container and its offset
  ---
  duration_ms: 0.625
  type: 'test'
  ...
# Subtest: INPUT-02 touch cleanup removes DOM/window handlers and cancels aim
ok 5 - INPUT-02 touch cleanup removes DOM/window handlers and cancels aim
  ---
  duration_ms: 0.4782
  type: 'test'
  ...
# Subtest: UI-04 A/B/A storage isolation and unauthenticated writes
ok 6 - UI-04 A/B/A storage isolation and unauthenticated writes
  ---
  duration_ms: 0.5079
  type: 'test'
  ...
# Subtest: UI-06 a future device clock cannot overwrite a server layout
ok 7 - UI-06 a future device clock cannot overwrite a server layout
  ---
  duration_ms: 0.2371
  type: 'test'
  ...
# Subtest: UI-07 settings reset changes draft only
ok 8 - UI-07 settings reset changes draft only
  ---
  duration_ms: 0.2159
  type: 'test'
  ...
# Subtest: UI-09 unsupported orientation lock rolls back setting
ok 9 - UI-09 unsupported orientation lock rolls back setting
  ---
  duration_ms: 0.3167
  type: 'test'
  ...
# Subtest: PERF-01 hitstop respects the configured render budget
ok 10 - PERF-01 hitstop respects the configured render budget
  ---
  duration_ms: 0.9028
  type: 'test'
  ...
# Subtest: UI-10 a burst of viewport events schedules one resize
ok 11 - UI-10 a burst of viewport events schedules one resize
  ---
  duration_ms: 0.8246
  type: 'test'
  ...
# Subtest: UI-08 large coarse-pointer tablet resolves touch landscape
ok 12 - UI-08 large coarse-pointer tablet resolves touch landscape
  ---
  duration_ms: 0.1245
  type: 'test'
  ...
# Subtest: INPUT-01 Shift+S release shiftFirst=true
ok 13 - INPUT-01 Shift+S release shiftFirst=true
  ---
  duration_ms: 0.4382
  type: 'test'
  ...
# Subtest: INPUT-01 Shift+S release shiftFirst=false
ok 14 - INPUT-01 Shift+S release shiftFirst=false
  ---
  duration_ms: 0.113
  type: 'test'
  ...
# Subtest: INPUT-01 repeat, blur and visibility release
ok 15 - INPUT-01 repeat, blur and visibility release
  ---
  duration_ms: 0.1399
  type: 'test'
  ...
# Subtest: UI-05 failed remote save is observable and retry succeeds
ok 16 - UI-05 failed remote save is observable and retry succeeds
  ---
  duration_ms: 0.3818
  type: 'test'
  ...
# Subtest: UI-01 fixed joystick survives runtime apply; legacy defaults dynamic
ok 17 - UI-01 fixed joystick survives runtime apply; legacy defaults dynamic
  ---
  duration_ms: 0.2189
  type: 'test'
  ...
# Subtest: PWA-01 service worker offline version is unavailable; unrelated cache survives
ok 18 - PWA-01 service worker offline version is unavailable; unrelated cache survives
  ---
  duration_ms: 13.901
  type: 'test'
  ...
# Subtest: PWA-01 client handles 500/1.2.3
ok 19 - PWA-01 client handles 500/1.2.3
  ---
  duration_ms: 1.2206
  type: 'test'
  ...
# Subtest: PWA-01 client handles 200/error
ok 20 - PWA-01 client handles 200/error
  ---
  duration_ms: 1.5359
  type: 'test'
  ...
# Subtest: PWA-01 client handles 200/
ok 21 - PWA-01 client handles 200/
  ---
  duration_ms: 1.2316
  type: 'test'
  ...
# Subtest: PWA-01 client handles 200/<html>offline</html>
ok 22 - PWA-01 client handles 200/<html>offline</html>
  ---
  duration_ms: 0.9136
  type: 'test'
  ...
# Subtest: PWA-01 client handles 200/0.02.115
ok 23 - PWA-01 client handles 200/0.02.115
  ---
  duration_ms: 0.9236
  type: 'test'
  ...
# Subtest: WORLD-02 exhausted safe-zone search never publishes monster
ok 24 - WORLD-02 exhausted safe-zone search never publishes monster
  ---
  duration_ms: 0.6049
  type: 'test'
  ...
# Subtest: WORLD-01 concurrent spawns with identical time/random remain unique
ok 25 - WORLD-01 concurrent spawns with identical time/random remain unique
  ---
  duration_ms: 1.6332
  type: 'test'
  ...
1..25
# tests 25
# suites 0
# pass 25
# fail 0
# cancelled 0
# skipped 0
# todo 0
# duration_ms 219.2084
