TAP version 13
# (node:19052) [MODULE_TYPELESS_PACKAGE_JSON] Warning: Module type of file:///C:/dev/yurika_online/src/js/core/input/KeyboardHandler.js is not specified and it doesn't parse as CommonJS.
# Reparsing as ES module because module syntax was detected. This incurs a performance overhead.
# To eliminate this warning, add "type": "module" to C:\\dev\\yurika_online\\package.json.
# (Use `node --trace-warnings ...` to show where the warning was created)
# Subtest: INPUT-02 touch cleanup removes DOM/window handlers and cancels aim
not ok 1 - INPUT-02 touch cleanup removes DOM/window handlers and cancels aim
  ---
  duration_ms: 1.3791
  type: 'test'
  location: 'C:\\dev\\yurika_online\\scripts\\validate-improvement.mjs:49:1'
  failureType: 'testCodeFailure'
  error: |-
    Expected values to be strictly equal:
    
    8 !== 0
    
  code: 'ERR_ASSERTION'
  name: 'AssertionError'
  expected: 0
  actual: 8
  operator: 'strictEqual'
  stack: |-
    TestContext.<anonymous> (file:///C:/dev/yurika_online/scripts/validate-improvement.mjs:60:29)
    Test.runInAsyncScope (node:async_hooks:214:14)
    Test.run (node:internal/test_runner/test:1047:25)
    Test.start (node:internal/test_runner/test:944:17)
    startSubtestAfterBootstrap (node:internal/test_runner/harness:296:17)
  ...
1..1
# tests 1
# suites 0
# pass 0
# fail 1
# cancelled 0
# skipped 0
# todo 0
# duration_ms 78.2664
