TAP version 13
# (node:20684) [MODULE_TYPELESS_PACKAGE_JSON] Warning: Module type of file:///C:/dev/yurika_online/src/js/core/InputManager.js is not specified and it doesn't parse as CommonJS.
# Reparsing as ES module because module syntax was detected. This incurs a performance overhead.
# To eliminate this warning, add "type": "module" to C:\\dev\\yurika_online\\package.json.
# (Use `node --trace-warnings ...` to show where the warning was created)
# Subtest: UI-02 slider previews once per frame and persists only final value
not ok 1 - UI-02 slider previews once per frame and persists only final value
  ---
  duration_ms: 0.8158
  type: 'test'
  location: 'C:\\dev\\yurika_online\\scripts\\validate-improvement.mjs:23:1'
  failureType: 'testCodeFailure'
  error: 'ui.bindCameraViewRange is not a function'
  code: 'ERR_TEST_FAILURE'
  name: 'TypeError'
  stack: |-
    TestContext.<anonymous> (file:///C:/dev/yurika_online/scripts/validate-improvement.mjs:31:8)
    Test.runInAsyncScope (node:async_hooks:214:14)
    Test.run (node:internal/test_runner/test:1047:25)
    Test.start (node:internal/test_runner/test:944:17)
    startSubtestAfterBootstrap (node:internal/test_runner/harness:296:17)
  ...
1..1
# tests 1
# suites 0
# pass 0
# fail 1
# cancelled 0
# skipped 0
# todo 0
# duration_ms 84.6449
