TAP version 13
# (node:17400) [MODULE_TYPELESS_PACKAGE_JSON] Warning: Module type of file:///C:/dev/yurika_online/src/js/core/input/TouchHandler.js is not specified and it doesn't parse as CommonJS.
# Reparsing as ES module because module syntax was detected. This incurs a performance overhead.
# To eliminate this warning, add "type": "module" to C:\\dev\\yurika_online\\package.json.
# (Use `node --trace-warnings ...` to show where the warning was created)
# Subtest: PERF-01 hitstop respects the configured render budget
not ok 1 - PERF-01 hitstop respects the configured render budget
  ---
  duration_ms: 1.7306
  type: 'test'
  location: 'C:\\dev\\yurika_online\\scripts\\validate-improvement.mjs:105:1'
  failureType: 'testCodeFailure'
  error: 'rendered 10 times in 100ms'
  code: 'ERR_ASSERTION'
  name: 'AssertionError'
  expected: true
  actual: false
  operator: '=='
  stack: |-
    TestContext.<anonymous> (file:///C:/dev/yurika_online/scripts/validate-improvement.mjs:110:12)
    Test.runInAsyncScope (node:async_hooks:214:14)
    Test.run (node:internal/test_runner/test:1047:25)
    Test.start (node:internal/test_runner/test:944:17)
    startSubtestAfterBootstrap (node:internal/test_runner/harness:296:17)
  ...
1..1
# tests 1
# suites 0
# pass 0
# fail 1
# cancelled 0
# skipped 0
# todo 0
# duration_ms 88.16
