TAP version 13
# (node:23716) [MODULE_TYPELESS_PACKAGE_JSON] Warning: Module type of file:///C:/dev/yurika_online/src/js/core/InputManager.js is not specified and it doesn't parse as CommonJS.
# Reparsing as ES module because module syntax was detected. This incurs a performance overhead.
# To eliminate this warning, add "type": "module" to C:\\dev\\yurika_online\\package.json.
# (Use `node --trace-warnings ...` to show where the warning was created)
# [WARN] [UIManager] UI layout sync failed AssertionError [ERR_ASSERTION]: no implicit overwrite
#     at ui.game.localPlayer.saveProfilePatch (file:///C:/dev/yurika_online/scripts/validate-improvement.mjs:86:53)
#     at file:///C:/dev/yurika_online/src/js/ui/UIManager.js:1194:63 {
#   generatedMessage: false,
#   code: 'ERR_ASSERTION',
#   actual: undefined,
#   expected: undefined,
#   operator: 'fail'
# }
# Subtest: UI-06 a future device clock cannot overwrite a server layout
not ok 1 - UI-06 a future device clock cannot overwrite a server layout
  ---
  duration_ms: 2.8541
  type: 'test'
  location: 'C:\\dev\\yurika_online\\scripts\\validate-improvement.mjs:83:1'
  failureType: 'testCodeFailure'
  error: |-
    Expected values to be strictly equal:
    
    0.2 !== 0.7
    
  code: 'ERR_ASSERTION'
  name: 'AssertionError'
  expected: 0.7
  actual: 0.2
  operator: 'strictEqual'
  stack: |-
    TestContext.<anonymous> (file:///C:/dev/yurika_online/scripts/validate-improvement.mjs:88:12)
    Test.runInAsyncScope (node:async_hooks:214:14)
    Test.run (node:internal/test_runner/test:1047:25)
    Test.start (node:internal/test_runner/test:944:17)
    startSubtestAfterBootstrap (node:internal/test_runner/harness:296:17)
  ...
1..1
# tests 1
# suites 0
# pass 0
# fail 1
# cancelled 0
# skipped 0
# todo 0
# duration_ms 87.9852
