TAP version 13
# (node:27036) [MODULE_TYPELESS_PACKAGE_JSON] Warning: Module type of file:///C:/dev/yurika_online/src/js/core/InputManager.js is not specified and it doesn't parse as CommonJS.
# Reparsing as ES module because module syntax was detected. This incurs a performance overhead.
# To eliminate this warning, add "type": "module" to C:\\dev\\yurika_online\\package.json.
# (Use `node --trace-warnings ...` to show where the warning was created)
# Subtest: UI-04 A/B/A storage isolation and unauthenticated writes
not ok 1 - UI-04 A/B/A storage isolation and unauthenticated writes
  ---
  duration_ms: 1.8421
  type: 'test'
  location: 'C:\\dev\\yurika_online\\scripts\\validate-improvement.mjs:23:1'
  failureType: 'testCodeFailure'
  error: 'must not upload A layout'
  code: 'ERR_ASSERTION'
  name: 'AssertionError'
  operator: 'fail'
  stack: |-
    Object.saveProfilePatch (file:///C:/dev/yurika_online/scripts/validate-improvement.mjs:28:69)
    UIManager.loadPlayerUiLayout (file:///C:/dev/yurika_online/src/js/ui/UIManager.js:1690:57)
    TestContext.<anonymous> (file:///C:/dev/yurika_online/scripts/validate-improvement.mjs:29:8)
    Test.runInAsyncScope (node:async_hooks:214:14)
    Test.run (node:internal/test_runner/test:1047:25)
    Test.start (node:internal/test_runner/test:944:17)
    startSubtestAfterBootstrap (node:internal/test_runner/harness:296:17)
  ...
# Subtest: INPUT-01 Shift+S release shiftFirst=true
not ok 2 - INPUT-01 Shift+S release shiftFirst=true
  ---
  duration_ms: 0.6881
  type: 'test'
  location: 'C:\\dev\\yurika_online\\scripts\\validate-improvement.mjs:37:41'
  failureType: 'testCodeFailure'
  error: |-
    Expected values to be strictly equal:
    
    1 !== 0
    
  code: 'ERR_ASSERTION'
  name: 'AssertionError'
  expected: 0
  actual: 1
  operator: 'strictEqual'
  stack: |-
    TestContext.<anonymous> (file:///C:/dev/yurika_online/scripts/validate-improvement.mjs:44:12)
    Test.runInAsyncScope (node:async_hooks:214:14)
    Test.run (node:internal/test_runner/test:1047:25)
    Test.processPendingSubtests (node:internal/test_runner/test:744:18)
    Test.postRun (node:internal/test_runner/test:1173:19)
    Test.run (node:internal/test_runner/test:1101:12)
    async startSubtestAfterBootstrap (node:internal/test_runner/harness:296:3)
  ...
# Subtest: INPUT-01 Shift+S release shiftFirst=false
ok 3 - INPUT-01 Shift+S release shiftFirst=false
  ---
  duration_ms: 0.1666
  type: 'test'
  ...
# Subtest: INPUT-01 repeat, blur and visibility release
not ok 4 - INPUT-01 repeat, blur and visibility release
  ---
  duration_ms: 0.2206
  type: 'test'
  location: 'C:\\dev\\yurika_online\\scripts\\validate-improvement.mjs:46:1'
  failureType: 'testCodeFailure'
  error: |-
    Expected values to be strictly equal:
    
    1 !== 0
    
  code: 'ERR_ASSERTION'
  name: 'AssertionError'
  expected: 0
  actual: 1
  operator: 'strictEqual'
  stack: |-
    TestContext.<anonymous> (file:///C:/dev/yurika_online/scripts/validate-improvement.mjs:50:53)
    Test.runInAsyncScope (node:async_hooks:214:14)
    Test.run (node:internal/test_runner/test:1047:25)
    Test.processPendingSubtests (node:internal/test_runner/test:744:18)
    Test.postRun (node:internal/test_runner/test:1173:19)
    Test.run (node:internal/test_runner/test:1101:12)
    async Test.processPendingSubtests (node:internal/test_runner/test:744:7)
  ...
# Subtest: UI-05 failed remote save is observable and retry succeeds
not ok 5 - UI-05 failed remote save is observable and retry succeeds
  ---
  duration_ms: 0.5421
  type: 'test'
  location: 'C:\\dev\\yurika_online\\scripts\\validate-improvement.mjs:55:1'
  failureType: 'testCodeFailure'
  error: |-
    Expected values to be strictly equal:
    + actual - expected
    
    + undefined
    - 'sync-failed'
    
  code: 'ERR_ASSERTION'
  name: 'AssertionError'
  expected: 'sync-failed'
  operator: 'strictEqual'
  stack: |-
    TestContext.<anonymous> (file:///C:/dev/yurika_online/scripts/validate-improvement.mjs:60:12)
    async Test.run (node:internal/test_runner/test:1054:7)
    async Test.processPendingSubtests (node:internal/test_runner/test:744:7)
  ...
# Subtest: UI-01 fixed joystick survives runtime apply; legacy defaults dynamic
not ok 6 - UI-01 fixed joystick survives runtime apply; legacy defaults dynamic
  ---
  duration_ms: 0.3666
  type: 'test'
  location: 'C:\\dev\\yurika_online\\scripts\\validate-improvement.mjs:64:1'
  failureType: 'testCodeFailure'
  error: |-
    Expected values to be strictly equal:
    
    undefined !== 0.3
    
  code: 'ERR_ASSERTION'
  name: 'AssertionError'
  expected: 0.3
  operator: 'strictEqual'
  stack: |-
    TestContext.<anonymous> (file:///C:/dev/yurika_online/scripts/validate-improvement.mjs:71:38)
    Test.runInAsyncScope (node:async_hooks:214:14)
    Test.run (node:internal/test_runner/test:1047:25)
    Test.processPendingSubtests (node:internal/test_runner/test:744:18)
    Test.postRun (node:internal/test_runner/test:1173:19)
    Test.run (node:internal/test_runner/test:1101:12)
    async Test.processPendingSubtests (node:internal/test_runner/test:744:7)
  ...
# Subtest: PWA-01 service worker offline version is unavailable; unrelated cache survives
not ok 7 - PWA-01 service worker offline version is unavailable; unrelated cache survives
  ---
  duration_ms: 30.6854
  type: 'test'
  location: 'C:\\dev\\yurika_online\\scripts\\validate-improvement.mjs:75:1'
  failureType: 'testCodeFailure'
  error: |-
    Expected values to be strictly equal:
    
    200 !== 503
    
  code: 'ERR_ASSERTION'
  name: 'AssertionError'
  expected: 503
  actual: 200
  operator: 'strictEqual'
  stack: |-
    TestContext.<anonymous> (file:///C:/dev/yurika_online/scripts/validate-improvement.mjs:83:12)
    async Test.run (node:internal/test_runner/test:1054:7)
    async Test.processPendingSubtests (node:internal/test_runner/test:744:7)
  ...
# Subtest: WORLD-02 exhausted safe-zone search never publishes monster
not ok 8 - WORLD-02 exhausted safe-zone search never publishes monster
  ---
  duration_ms: 0.6095
  type: 'test'
  location: 'C:\\dev\\yurika_online\\scripts\\validate-improvement.mjs:96:1'
  failureType: 'testCodeFailure'
  error: |-
    Expected values to be strictly equal:
    + actual - expected
    
    + 'mob_1788752342682_785'
    - null
    
  code: 'ERR_ASSERTION'
  name: 'AssertionError'
  expected: ~
  actual: 'mob_1788752342682_785'
  operator: 'strictEqual'
  stack: |-
    TestContext.<anonymous> (file:///C:/dev/yurika_online/scripts/validate-improvement.mjs:97:44)
    async Test.run (node:internal/test_runner/test:1054:7)
    async Test.processPendingSubtests (node:internal/test_runner/test:744:7)
  ...
# Subtest: WORLD-01 concurrent spawns with identical time/random remain unique
not ok 9 - WORLD-01 concurrent spawns with identical time/random remain unique
  ---
  duration_ms: 1.4983
  type: 'test'
  location: 'C:\\dev\\yurika_online\\scripts\\validate-improvement.mjs:99:1'
  failureType: 'testCodeFailure'
  error: |-
    Expected values to be strictly equal:
    
    1 !== 100
    
  code: 'ERR_ASSERTION'
  name: 'AssertionError'
  expected: 100
  actual: 1
  operator: 'strictEqual'
  stack: |-
    TestContext.<anonymous> (file:///C:/dev/yurika_online/scripts/validate-improvement.mjs:103:16)
    async Test.run (node:internal/test_runner/test:1054:7)
    async Test.processPendingSubtests (node:internal/test_runner/test:744:7)
  ...
1..9
# tests 9
# suites 0
# pass 1
# fail 8
# cancelled 0
# skipped 0
# todo 0
# duration_ms 131.7481
