
> validate:classes
> node --test scripts/validate-class-combat.mjs scripts/validate-class-player.mjs scripts/validate-class-bridge.mjs scripts/validate-class-profiles.mjs scripts/validate-class-online-routing.mjs scripts/validate-class-audit-fixes.mjs scripts/validate-poison-logical-pulses.mjs scripts/validate-attack-cadence.mjs scripts/validate-class-action-motion.mjs scripts/validate-class-attack-origins.mjs scripts/validate-class-vfx-geometry.mjs scripts/validate-archer-flight.mjs scripts/validate-class-portrait-gait.mjs scripts/validate-friend-class-profiles.mjs scripts/validate-basic-progression.mjs && npm run validate:class-action-art

(node:42481) [MODULE_TYPELESS_PACKAGE_JSON] Warning: Module type of file:///workspace/yurikaonline/src/js/combat/ClassCombatController.js is not specified and it doesn't parse as CommonJS.
Reparsing as ES module because module syntax was detected. This incurs a performance overhead.
To eliminate this warning, add "type": "module" to /workspace/yurikaonline/package.json.
(Use `node --trace-warnings ...` to show where the warning was created)
✔ tap direction0 advances at authored speed and expires at range (3.284907ms)
✔ tap direction1 advances at authored speed and expires at range (0.375696ms)
✔ tap direction2 advances at authored speed and expires at range (0.396828ms)
✔ tap direction3 advances at authored speed and expires at range (0.447634ms)
✔ tap direction4 advances at authored speed and expires at range (0.48437ms)
✔ tap direction5 advances at authored speed and expires at range (0.342836ms)
✔ tap direction6 advances at authored speed and expires at range (0.326742ms)
✔ tap direction7 advances at authored speed and expires at range (0.289546ms)
✔ snipe direction0 advances at authored speed and expires at range (0.874187ms)
✔ snipe direction1 advances at authored speed and expires at range (1.080337ms)
✔ snipe direction2 advances at authored speed and expires at range (0.433072ms)
✔ snipe direction3 advances at authored speed and expires at range (0.262435ms)
✔ snipe direction4 advances at authored speed and expires at range (0.203627ms)
✔ snipe direction5 advances at authored speed and expires at range (0.242345ms)
✔ snipe direction6 advances at authored speed and expires at range (0.228274ms)
✔ snipe direction7 advances at authored speed and expires at range (0.272791ms)
✔ snipe damage, mark consumption and trap burst wait for contact; pierces each target once (1.271835ms)
✔ moving target can leave path, new target can enter it, owner movement never tethers arrow (0.432461ms)
✔ far/behind targets stay unhit, rejected hits preserve marks, death removes airborne snipe (0.627876ms)
✔ snipe draws only at moving projectile position, never as a fixed launch arrow (0.406021ms)
✔ remote snipe extrapolates, clamps remaining range and clears without applying damage (1.332507ms)
(node:42482) [MODULE_TYPELESS_PACKAGE_JSON] Warning: Module type of file:///workspace/yurikaonline/src/js/combat/ClassCombatController.js is not specified and it doesn't parse as CommonJS.
Reparsing as ES module because module syntax was detected. This incurs a performance overhead.
To eliminate this warning, add "type": "module" to /workspace/yurikaonline/package.json.
(Use `node --trace-warnings ...` to show where the warning was created)
✔ class reference intervals, empowered recovery, final floor and invalid speed (1.012144ms)
✔ witch input flood at 2fps cannot bank attacks or bypass recovery (3.076834ms)
✔ witch input flood at 10fps cannot bank attacks or bypass recovery (0.576117ms)
✔ witch input flood at 30fps cannot bank attacks or bypass recovery (0.876921ms)
✔ witch input flood at 60fps cannot bank attacks or bypass recovery (2.591743ms)
✔ witch input flood at 120fps cannot bank attacks or bypass recovery (1.818919ms)
✔ warrior input flood at 2fps cannot bank attacks or bypass recovery (0.543899ms)
✔ warrior input flood at 10fps cannot bank attacks or bypass recovery (0.824632ms)
✔ warrior input flood at 30fps cannot bank attacks or bypass recovery (0.990772ms)
✔ warrior input flood at 60fps cannot bank attacks or bypass recovery (1.565938ms)
✔ warrior input flood at 120fps cannot bank attacks or bypass recovery (0.882499ms)
✔ archer input flood at 2fps cannot bank attacks or bypass recovery (0.855508ms)
✔ archer input flood at 10fps cannot bank attacks or bypass recovery (0.618402ms)
✔ archer input flood at 30fps cannot bank attacks or bypass recovery (0.949059ms)
✔ archer input flood at 60fps cannot bank attacks or bypass recovery (1.073076ms)
✔ archer input flood at 120fps cannot bank attacks or bypass recovery (1.310754ms)
✔ failed rage action has no cooldown/action; accepted reentrant action spends and damages once (0.295285ms)
✔ archer rejection preserves empowered state and marks; success consumes each once (0.322436ms)
✔ pause freezes recovery and rejects basic/skill without resource or action effects (0.590399ms)
✔ effective speed changes apply at next approval, never retroactively reset recovery (0.295204ms)
✔ Witch tap remains immediate, flying orbs allow later shots and never reset recovery on return (0.433563ms)
✔ skills retain independent cooldowns and emit action only after successful approval (0.198729ms)
✔ synchronous summon callbacks cannot duplicate cost/actors before skill cooldown commits (0.1661ms)
(node:42483) [MODULE_TYPELESS_PACKAGE_JSON] Warning: Module type of file:///workspace/yurikaonline/src/js/combat/ClassCombatController.js is not specified and it doesn't parse as CommonJS.
Reparsing as ES module because module syntax was detected. This incurs a performance overhead.
To eliminate this warning, add "type": "module" to /workspace/yurikaonline/package.json.
(Use `node --trace-warnings ...` to show where the warning was created)
✔ witch level 1: combat damage and unchanged recovery (2.267825ms)
✔ witch level 4: combat damage and unchanged recovery (0.394023ms)
✔ witch level 8: combat damage and unchanged recovery (0.191719ms)
✔ warrior level 1: combat damage and unchanged recovery (0.377729ms)
✔ warrior level 4: combat damage and unchanged recovery (0.25206ms)
✔ warrior level 8: combat damage and unchanged recovery (0.127041ms)
✔ archer level 1: combat damage and unchanged recovery (0.661396ms)
✔ archer level 4: combat damage and unchanged recovery (0.272401ms)
✔ archer level 8: combat damage and unchanged recovery (0.190406ms)
✔ level 1: charged damage and collision snapshots (1.051072ms)
✔ level 4: charged damage and collision snapshots (0.339311ms)
✔ level 8: charged damage and collision snapshots (0.377779ms)
✔ level 1: expanded hitboxes and VFX share sizes (0.530038ms)
✔ level 4: expanded hitboxes and VFX share sizes (0.236887ms)
✔ level 8: expanded hitboxes and VFX share sizes (0.836219ms)
✔ charge thresholds agree at low/mid/max; empowered threshold and floor (1.123362ms)
✔ growth clamps corrupt levels; Mage skill behavior remains unchanged (0.119359ms)
✔ knockback requires accepted damage, does not move bosses or cross blocked walls (0.165629ms)
✔ witch level 1: flood cannot bypass five-per-second floor (1.165736ms)
✔ witch level 4: flood cannot bypass five-per-second floor (1.528783ms)
✔ witch level 8: flood cannot bypass five-per-second floor (0.894998ms)
✔ warrior level 1: flood cannot bypass five-per-second floor (3.256925ms)
✔ warrior level 4: flood cannot bypass five-per-second floor (0.964082ms)
✔ warrior level 8: flood cannot bypass five-per-second floor (0.618992ms)
✔ archer level 1: flood cannot bypass five-per-second floor (3.669376ms)
✔ archer level 4: flood cannot bypass five-per-second floor (1.166297ms)
✔ archer level 8: flood cannot bypass five-per-second floor (0.946496ms)
✔ Warrior guide uses collision range/width and Witch tap remains centered (0.370308ms)
✔ remote visual packets preserve grown geometry and bound received sizes (0.893295ms)
(node:42502) [MODULE_TYPELESS_PACKAGE_JSON] Warning: Module type of file:///workspace/yurikaonline/src/js/combat/ClassActionMotion.js is not specified and it doesn't parse as CommonJS.
Reparsing as ES module because module syntax was detected. This incurs a performance overhead.
To eliminate this warning, add "type": "module" to /workspace/yurikaonline/package.json.
(Use `node --trace-warnings ...` to show where the warning was created)
✔ witch authored rows and release/recovery/held frames stay within4x4 atlas (1.817778ms)
✔ warrior authored rows and release/recovery/held frames stay within4x4 atlas (0.275855ms)
✔ archer authored rows and release/recovery/held frames stay within4x4 atlas (0.249095ms)
✔ invalid motion cannot sample an outside atlas row or stale release (1.105845ms)
✔ two real remote visual instances reject duplicates/reordering and expire without combat side effects (2.970253ms)
✔ witch directional atlas maps each action to four independent authored rows (0.339261ms)
✔ warrior directional atlas maps each action to four independent authored rows (0.15281ms)
✔ archer directional atlas maps each action to four independent authored rows (0.174552ms)
(node:42508) [MODULE_TYPELESS_PACKAGE_JSON] Warning: Module type of file:///workspace/yurikaonline/src/js/combat/ClassAnchors.js is not specified and it doesn't parse as CommonJS.
Reparsing as ES module because module syntax was detected. This incurs a performance overhead.
To eliminate this warning, add "type": "module" to /workspace/yurikaonline/package.json.
(Use `node --trace-warnings ...` to show where the warning was created)
✔ arrow launch effect and collision projectile use the same authored origin and target direction (3.488353ms)
✔ orb launch effect and collision projectile use the same authored origin and target direction (0.467083ms)
✔ missing or nonfinite authored origin safely falls back to legacy owner coordinates (0.271339ms)
✔ drain return follows the moving palm and heals only once at that endpoint (0.965434ms)
✔ poison potion lands at .45s, then retains five exact t1..5 damage pulses (1.042861ms)
✔ poison landing and pulse tasks freeze on pause and disappear on dispose (0.246391ms)
✔ charge effect connects original position to actual swept wall stop, not requested endpoint (0.275535ms)
✔ immediate Witch tap and legacy melee hitbox remain unchanged by palm hook (0.354394ms)
✔ combat center shifts melee/radial queries and self effects, without using the palm origin (0.322816ms)
✔ skill range clamp starts from combat center, while charge still moves raw actor coordinates (0.385711ms)
✔ drain heal event occurs once only for actual healing, including ally overflow (0.241533ms)
✔ eight-way near targets never reverse the hand ray; spawn sweep hits once and rejects behind targets (1.807943ms)
✔ normal far ray retains the exact hand-to-target vector (0.183657ms)
✔ actual authored hand offsets hit eight close aim rays without widening their near collision strip (5.759033ms)
(node:42514) [MODULE_TYPELESS_PACKAGE_JSON] Warning: Module type of file:///workspace/yurikaonline/src/js/combat/WitchPoison.js is not specified and it doesn't parse as CommonJS.
Reparsing as ES module because module syntax was detected. This incurs a performance overhead.
To eliminate this warning, add "type": "module" to /workspace/yurikaonline/package.json.
(Use `node --trace-warnings ...` to show where the warning was created)
✔ two casters share target stacks: max one/second, five-second expiry, no stun extension (2.006943ms)
✔ host snapshot restores shared poison through cell handoff/host change; delay never extends it (0.523829ms)
✔ duplicate class damage does not remove HP twice or restack poison; guests cannot author stacks (2.85512ms)
✔ summoning at or below 80% is atomic, announces failure, and never constructs a summon (0.932895ms)
✔ trap effect and collision share identity; activation, replacement and expiry cancel the exact effect (3.978457ms)
✔ visual snapshots cannot invoke gameplay and reject duplicates, old sequence/session, other field and expired packets (0.888678ms)
✔ delayed lifecycle clear cannot erase newer effect; expired active snapshot never resurrects consumed trap (1.304955ms)
✔ decoy renders original character for its actual lifetime, not just .65s one-shot (0.88998ms)
✔ Warrior ground guide uses exact same 150x96 heavy geometry, Mage guide width is untouched (0.75709ms)
✔ poison authority metadata survives production compact cell encoding/decoding (0.676799ms)
(node:42523) [MODULE_TYPELESS_PACKAGE_JSON] Warning: Module type of file:///workspace/yurikaonline/src/js/combat/ClassAnchors.js is not specified and it doesn't parse as CommonJS.
Reparsing as ES module because module syntax was detected. This incurs a performance overhead.
To eliminate this warning, add "type": "module" to /workspace/yurikaonline/package.json.
(Use `node --trace-warnings ...` to show where the warning was created)
✔ class damage sends one packet and predicts one accepted hit; rejects grant zero (1.698378ms)
✔ poison exact MAX-HP component bypasses armor and armor-piercing scales defense (0.179531ms)
✔ swept movement rejects intervening wall without teleporting (0.183236ms)
✔ raster effect and status frame crops use independent4x4 and4x2 grids (1.11575ms)
✔ status metadata applies no HP loss; stun consumes poison and clamps hostile values (0.854497ms)
✔ host targets summons through one owner inbox and never damages owner or repeats on guest (0.520214ms)
✔ summon damage accepts only current living actor; dead/oldest/disposed IDs cannot hit owner (0.248424ms)
✔ remote Warrior push respects host wall,100px bound and boss immunity (0.204949ms)
✔ single effect clamps last frame; sustained pingpong never exposes outside atlas (0.567334ms)
✔ Life Drain circle uses its separate4x1 raster without bleeding other skill rows (0.549868ms)
✔ Blood Pact follows Warrior only on ground pass, at110px without body overlay (0.542557ms)
✔ boss summon retains exactly60percent raster dimensions after cached async init (2.581092ms)
✔ charge body keeps input facing when destination passes its selected target (0.344228ms)
✔ near forward slash keeps center aim after moving visual origin to sword hand (2.52325ms)
(node:42529) [MODULE_TYPELESS_PACKAGE_JSON] Warning: Module type of file:///workspace/yurikaonline/src/js/combat/ClassCombatController.js is not specified and it doesn't parse as CommonJS.
Reparsing as ES module because module syntax was detected. This incurs a performance overhead.
To eliminate this warning, add "type": "module" to /workspace/yurikaonline/package.json.
(Use `node --trace-warnings ...` to show where the warning was created)
✔ Witch tap immediately deals exactly twice basic drain, once, no tap heal (1.829105ms)
✔ orb drains for three seconds then returns actual damage healing and excess to allies (0.891492ms)
✔ rejected damage grants neither heal nor marks (1.224504ms)
✔ poison uses enemy MAX HP including bosses, once per second, fifth pulse stuns exactly 3s (1.549093ms)
✔ summon insufficient HP is atomic; oldest replacement, level mapping, disposal (0.633374ms)
✔ berserk excludes caster, includes summons, expires without changing base stats (0.393212ms)
✔ warrior 3-hit combo grants rage only on hits; aimed smash spends bounded rage (0.539963ms)
✔ warrior taunt dash refunds once per cast and wall stuns only normal enemies (0.360803ms)
✔ blood pact heals actual damage and final attack consumes remaining rage once (0.548907ms)
✔ archer trap marks/root then sniper consumes and spreads marks, leap empowers once (1.001418ms)
✔ rain kill transfers capped marks without recursive damage loop (0.319331ms)
✔ pause/death/dispose cannot replay pending damage or restore transient summons (0.183246ms)
✔ level growth preserves explicit Witch damage and reduces only cooldown (0.256586ms)
✔ rejected poison cannot add slow or stun, no frame-rate stacking (0.362727ms)
✔ aimed damage distributes integer budget without per-tick inflation at ATK5 (0.583399ms)
(node:42537) [MODULE_TYPELESS_PACKAGE_JSON] Warning: Module type of file:///workspace/yurikaonline/src/js/core/NetworkManager.js is not specified and it doesn't parse as CommonJS.
Reparsing as ES module because module syntax was detected. This incurs a performance overhead.
To eliminate this warning, add "type": "module" to /workspace/yurikaonline/package.json.
(Use `node --trace-warnings ...` to show where the warning was created)
✔ two clients: only monster host damages remote summon exactly once; owner remains unharmed (2.185631ms)
✔ two clients: same-party heal crosses one inbox; cross-party/self support rejected (0.405972ms)
✔ monster damage echo ignores attacker client and applies once on other client (0.328475ms)
✔ empty Mage writes no summon updates; forced exit clears despite throttle and disabled field (1.470224ms)
(node:42544) [MODULE_TYPELESS_PACKAGE_JSON] Warning: Module type of file:///workspace/yurikaonline/src/js/entities/Player.js is not specified and it doesn't parse as CommonJS.
Reparsing as ES module because module syntax was detected. This incurs a performance overhead.
To eliminate this warning, add "type": "module" to /workspace/yurikaonline/package.json.
(Use `node --trace-warnings ...` to show where the warning was created)
✔ tap releases exactly once, held attack uses aimed path, cancel clears pending (1.940603ms)
✔ archer leap has .2-second aimed threshold; touch drag controls direction (0.369897ms)
✔ new class skill upgrades reject unknown/maxed keys without spending shared currency (0.318961ms)
✔ legacy staff equipment restriction and explicit class weapon support (0.501935ms)
✔ profile writer isolates class progression and preserves shared inventory patch (0.809058ms)
✔ Mage keeps original touch behavior; new classes aim all four action buttons (0.221763ms)
✔ derived combat buffs restore without accumulation or base stat writes (0.273953ms)
✔ defensive skill dispatch still handles a zero-HP result from a custom skill hook (0.593804ms)
✔ touch cancellation emits actual tracked action (0.288354ms)
✔ new class walking uses approved cadence only while moving and freezes at an obstacle (0.481065ms)
(node:42545) [MODULE_TYPELESS_PACKAGE_JSON] Warning: Module type of file:///workspace/yurikaonline/src/js/ui/UIManager.js is not specified and it doesn't parse as CommonJS.
Reparsing as ES module because module syntax was detected. This incurs a performance overhead.
To eliminate this warning, add "type": "module" to /workspace/yurikaonline/package.json.
(Use `node --trace-warnings ...` to show where the warning was created)
✔ wizard portrait samples exactly one front-facing cell (2.811695ms)
✔ witch portrait samples exactly one front-facing cell (0.421485ms)
✔ warrior portrait samples exactly one front-facing cell (0.304779ms)
✔ archer portrait samples exactly one front-facing cell (0.369676ms)
✔ witch direction 0: movement phase survives attack and remote uses the same gait (0.682578ms)
✔ witch direction 1: movement phase survives attack and remote uses the same gait (0.25227ms)
✔ witch direction 2: movement phase survives attack and remote uses the same gait (0.202696ms)
✔ witch direction 3: movement phase survives attack and remote uses the same gait (0.223046ms)
✔ warrior direction 0: movement phase survives attack and remote uses the same gait (3.529816ms)
✔ warrior direction 1: movement phase survives attack and remote uses the same gait (0.238159ms)
✔ warrior direction 2: movement phase survives attack and remote uses the same gait (0.155865ms)
✔ warrior direction 3: movement phase survives attack and remote uses the same gait (0.166211ms)
✔ archer direction 0: movement phase survives attack and remote uses the same gait (0.129875ms)
✔ archer direction 1: movement phase survives attack and remote uses the same gait (0.148233ms)
✔ archer direction 2: movement phase survives attack and remote uses the same gait (0.156576ms)
✔ archer direction 3: movement phase survives attack and remote uses the same gait (0.141012ms)
✔ accepting a new-class attack leaves the walking phase intact (0.377538ms)
(node:42558) [MODULE_TYPELESS_PACKAGE_JSON] Warning: Module type of file:///workspace/yurikaonline/src/js/core/ClassProfiles.js is not specified and it doesn't parse as CommonJS.
Reparsing as ES module because module syntax was detected. This incurs a performance overhead.
To eliminate this warning, add "type": "module" to /workspace/yurikaonline/package.json.
(Use `node --trace-warnings ...` to show where the warning was created)
✔ legacy and unknown classes preserve Mage without mutation (2.103999ms)
✔ new class does not inherit Mage equipment, level, skills or saved HP (0.36535ms)
✔ class switch and reentry isolate progress and preserve shared item ownership (10.834446ms)
✔ Mage patch stays root and sibling class state is retained by existing merge (0.245099ms)
✔ presence exposes selected class while canonical Mage stays untouched (0.560294ms)
✔ inactive equipment cannot be equipped again by switching classes (0.329837ms)
✔ support and summon inbox routes require party/host evidence and never damage owner (0.742788ms)
✔ ordinary patches never overwrite active selection; Mage patch shape remains exact (0.283427ms)
(node:42559) [MODULE_TYPELESS_PACKAGE_JSON] Warning: Module type of file:///workspace/yurikaonline/src/js/combat/ClassVisuals.js is not specified and it doesn't parse as CommonJS.
Reparsing as ES module because module syntax was detected. This incurs a performance overhead.
To eliminate this warning, add "type": "module" to /workspace/yurikaonline/package.json.
(Use `node --trace-warnings ...` to show where the warning was created)
✔ moving arrows/orbs have one image each and split behind/in front of body center (2.060863ms)
✔ radial effects do not rotate and Blood Pact follows current combat center (0.211608ms)
✔ slash pivots in front; charge spans exact start-stop distance; snipe launch event has no stationary image (0.364169ms)
✔ potion follows hand-target arc and reaches target at landing; crops all four cells (0.362686ms)
✔ remote motion direction is validated; omitted direction inherits owner; packet order guard remains (0.92994ms)
✔ directional body atlas preserves logical row and authored direction without mirroring (1.675393ms)
✔ downward shot is foreground from its first palm frame; return keeps relative depth (0.216096ms)
(node:42571) [MODULE_TYPELESS_PACKAGE_JSON] Warning: Module type of file:///workspace/yurikaonline/src/js/ui/friends/FriendsUIController.js is not specified and it doesn't parse as CommonJS.
Reparsing as ES module because module syntax was detected. This incurs a performance overhead.
To eliminate this warning, add "type": "module" to /workspace/yurikaonline/package.json.
(Use `node --trace-warnings ...` to show where the warning was created)
✔ wizard: friend stats use selected profile, independent of viewer (2.957774ms)
✔ witch: friend stats use selected profile, independent of viewer (0.566353ms)
✔ warrior: friend stats use selected profile, independent of viewer (0.567876ms)
✔ archer: friend stats use selected profile, independent of viewer (0.307312ms)
✔ missing new-class snapshot cannot inherit root Mage progression or HP (0.320462ms)
✔ legacy and invalid class IDs use Mage definition, not viewer definition (0.247583ms)
✔ portrait cache stays class-specific and retains explicit portraits (0.294784ms)
(node:42579) [MODULE_TYPELESS_PACKAGE_JSON] Warning: Module type of file:///workspace/yurikaonline/src/js/combat/WitchPoison.js is not specified and it doesn't parse as CommonJS.
Reparsing as ES module because module syntax was detected. This incurs a performance overhead.
To eliminate this warning, add "type": "module" to /workspace/yurikaonline/package.json.
(Use `node --trace-warnings ...` to show where the warning was created)
✔ five logical pulses stun with jitter 0,0,0,0,0 (1.185645ms)
✔ five logical pulses stun with jitter 0,0.12,0,0.12,0 (0.232731ms)
✔ five logical pulses stun with jitter 0.12,0,0.12,0,0.12 (0.138999ms)
✔ reverse delivery of two pulses does not discard one or let duplicates damage twice (1.878289ms)
✔ multiple casters share logical buckets without accelerating or extending stun (0.247894ms)
✔ handoff keeps cast anchors, used buckets and damage dedupe under a different host clock (0.76303ms)
✔ real Monster accepts each logical damage once even with changed transport id and host handoff (1.808323ms)
✔ expiry clears stacks and journal bounds remain finite (15.99665ms)
✔ guest prediction cannot outrank a newer host status revision (0.506202ms)
ℹ tests 196
ℹ suites 0
ℹ pass 196
ℹ fail 0
ℹ cancelled 0
ℹ skipped 0
ℹ todo 0
ℹ duration_ms 519.625107

> validate:class-action-art
> node scripts/validate-class-action-art.cjs

PASS 192 nonempty action cells; margins intact; >=3 authored poses per action row
npm notice
npm notice New major version of npm available! 11.9.0 -> 12.2.0
npm notice Changelog: https://github.com/npm/cli/releases/tag/v12.2.0
npm notice To update run: npm install -g npm@12.2.0
npm notice
npm notice
npm notice New major version of npm available! 11.9.0 -> 12.2.0
npm notice Changelog: https://github.com/npm/cli/releases/tag/v12.2.0
npm notice To update run: npm install -g npm@12.2.0
npm notice
